[
  {
    "namespace": "app",
    "key": "lang",
    "value": "en",
    "immutable": false,
    "created_at": "<TIMESTAMP>",
    "updated_at": "<TIMESTAMP>"
  },
  {
    "namespace": "app",
    "key": "theme",
    "value": "dark",
    "immutable": false,
    "created_at": "<TIMESTAMP>",
    "updated_at": "<TIMESTAMP>"
  }
]
